
<script type="module" src="./chartjs/chart.umd.js"></script>
<script type="module" src="./chart.js"></script>
<figure class="chart_chart" data-chart-config='{"type":"line","data":{"labels":[],"datasets":[{"label":"one","data":[1,2,3],"backgroundColor":"#ff0000","borderColor":"#ff0000"}]},"options":{"spanGaps":true}}'>
  <figcaption></figcaption>
  <canvas width="400" height="400"></canvas>
</figure>
