
<article class="chart_check">
  <h1>Chart - Check</h1>
  <p class="xh_success">The chart “test” is valid!</p>
  <ul>
  </ul>
</article>
