
<script type="module" src="./chartjs/chart.umd.js"></script>
<script type="module" src="/chart.js?&amp;v=1.0-dev"></script>
<figure class="chart_chart" data-chart-config='{"type":"bar"}'>
  <figcaption>A Power Chart</figcaption>
  <canvas width="320"></canvas>
</figure>
