
<article class="chart_export">
  <h1>Chart – Export</h1>
  <form method="post">
    <p>Do you really want to export the configuration of chart “test” as power chart?</p>
    <p class="xh_warning">This will overwrite an existing power chart “test”!</p>
    <p class="chart_controls">
      <button name="chart_do" >Export</button>
    </p>
    <input type="hidden" name="chart_token" value="0123456789ABCDEF">
  </form>
</article>
