
<article class="chart_plugininfo">
  <h1>Chart 1.1-dev</h1>
  <section class="chart_syscheck">
    <h2>System Check<h2>
    <p class="xh_fail">PHP version ≥ 8.0.0: bad</p>
    <p class="xh_fail">PHP extension DOM available: bad</p>
    <p class="xh_fail">CMSimple_XH version ≥ 1.7.0: bad</p>
    <p class="xh_fail">Plib_XH version ≥ 1.10: bad</p>
    <p class="xh_fail">./config/ is writable: bad</p>
    <p class="xh_fail">./css/ is writable: bad</p>
    <p class="xh_fail">./languages/ is writable: bad</p>
    <p class="xh_fail">./ is writable: bad</p>
  </section>
</article>
