
<!-- <script type="module" src=""></script>-->
<article class="chart_edit">
  <h1>Chart â€“ Edit</h1>
  <form method="post">
    <p>
      <label>
        <span>Name</span>
        <span class="chart_help">(only a-z, 0-9, and hyhpens)</span>
        <input name="name" value="hello"  required pattern="[a-z0-9\-]+">
      </label>
    </p>
    <p>
      <label>
        <span>Caption</span>
        <textarea name="caption">world</textarea>
      </label>
    </p>
    <p class="chart_controls">
      <button name="chart_do">Save</button>
    </p>
    <input type="hidden" name="chart_token" value="0123456789ABCDEF">
  </form>
</article>
